
> frontend@0.0.0 test
> vitest run src/pages/Dashboard.test.jsx


[1m[46m RUN [49m[22m [36mv4.0.18 [39m[90mC:/Users/mirza/.gemini/antigravity/scratch/InvoiceAZ/frontend[39m

 [32m✓[39m src/pages/Dashboard.test.jsx [2m([22m[2m5 tests[22m[2m)[22m[33m 471[2mms[22m[39m

[2m Test Files [22m [1m[32m1 passed[39m[22m[90m (1)[39m
[2m      Tests [22m [1m[32m5 passed[39m[22m[90m (5)[39m
[2m   Start at [22m 15:28:58
[2m   Duration [22m 6.26s[2m (transform 523ms, setup 456ms, import 1.19s, tests 471ms, environment 3.56s)[22m

